// Vitest Snapshot v1, https://vitest.dev/guide/snapshot.html

exports[`PrizesPage > matches snapshot 1`] = `
<DocumentFragment>
  <div
    class="flex flex-col h-full"
  >
    <header
      class="sticky top-0 z-40 bg-background border-b border-border px-4 py-3"
    >
      <div
        class="flex items-center justify-between"
      >
        <a
          href="/welcome"
        >
          <svg
            class="lucide lucide-radio h-5 w-5 text-primary"
            fill="none"
            height="24"
            stroke="currentColor"
            stroke-linecap="round"
            stroke-linejoin="round"
            stroke-width="2"
            viewBox="0 0 24 24"
            width="24"
            xmlns="http://www.w3.org/2000/svg"
          >
            <path
              d="M4.9 19.1C1 15.2 1 8.8 4.9 4.9"
            />
            <path
              d="M7.8 16.2c-2.3-2.3-2.3-6.1 0-8.5"
            />
            <circle
              cx="12"
              cy="12"
              r="2"
            />
            <path
              d="M16.2 7.8c2.3 2.3 2.3 6.1 0 8.5"
            />
            <path
              d="M19.1 4.9C23 8.8 23 15.1 19.1 19"
            />
          </svg>
          <h1
            class="text-xl font-medium text-foreground"
          >
            Prizes
          </h1>
        </a>
        <button
          class="inline-flex items-center justify-center gap-2 whitespace-nowrap rounded-md text-sm font-medium focus-visible:outline-none focus-visible:ring-1 focus-visible:ring-ring disabled:pointer-events-none disabled:opacity-50 [&_svg]:pointer-events-none [&_svg]:size-4 [&_svg]:shrink-0 hover-elevate active-elevate-2 border border-transparent h-9 w-9"
          data-testid="button-notifications"
        >
          <svg
            class="lucide lucide-bell w-5 h-5"
            fill="none"
            height="24"
            stroke="currentColor"
            stroke-linecap="round"
            stroke-linejoin="round"
            stroke-width="2"
            viewBox="0 0 24 24"
            width="24"
            xmlns="http://www.w3.org/2000/svg"
          >
            <path
              d="M6 8a6 6 0 0 1 12 0c0 7 3 9 3 9H3s3-2 3-9"
            />
            <path
              d="M10.3 21a1.94 1.94 0 0 0 3.4 0"
            />
          </svg>
        </button>
        <div
          class="flex items-center gap-2"
        >
          <div
            data-testid="conference-selector"
          >
            Conference Selector
          </div>
        </div>
      </div>
    </header>
    <main
      class="flex-1 overflow-y-auto pb-20"
    >
      <div
        class="w-full"
        data-orientation="horizontal"
        dir="ltr"
      >
        <div
          class="sticky top-0 z-30 bg-background border-b border-border"
        >
          <div
            aria-orientation="horizontal"
            class="inline-flex items-center text-muted-foreground w-full justify-start rounded-none h-12 bg-transparent p-0"
            data-orientation="horizontal"
            role="tablist"
            style="outline: none;"
            tabindex="0"
          >
            <button
              aria-controls="radix-:rg:-content-all"
              aria-selected="true"
              class="inline-flex items-center justify-center whitespace-nowrap px-3 py-1.5 text-sm font-medium ring-offset-background transition-all focus-visible:outline-none focus-visible:ring-2 focus-visible:ring-ring focus-visible:ring-offset-2 disabled:pointer-events-none disabled:opacity-50 data-[state=active]:bg-background data-[state=active]:text-foreground data-[state=active]:shadow-sm flex-1 rounded-none data-[state=active]:border-b-2 data-[state=active]:border-primary"
              data-orientation="horizontal"
              data-radix-collection-item=""
              data-state="active"
              data-testid="tab-all-prizes"
              id="radix-:rg:-trigger-all"
              role="tab"
              tabindex="-1"
              type="button"
            >
              All Prizes
            </button>
            <button
              aria-controls="radix-:rg:-content-door"
              aria-selected="false"
              class="inline-flex items-center justify-center whitespace-nowrap px-3 py-1.5 text-sm font-medium ring-offset-background transition-all focus-visible:outline-none focus-visible:ring-2 focus-visible:ring-ring focus-visible:ring-offset-2 disabled:pointer-events-none disabled:opacity-50 data-[state=active]:bg-background data-[state=active]:text-foreground data-[state=active]:shadow-sm flex-1 rounded-none data-[state=active]:border-b-2 data-[state=active]:border-primary"
              data-orientation="horizontal"
              data-radix-collection-item=""
              data-state="inactive"
              data-testid="tab-door-prizes"
              id="radix-:rg:-trigger-door"
              role="tab"
              tabindex="-1"
              type="button"
            >
              Door Prizes
            </button>
            <button
              aria-controls="radix-:rg:-content-thunting"
              aria-selected="false"
              class="inline-flex items-center justify-center whitespace-nowrap px-3 py-1.5 text-sm font-medium ring-offset-background transition-all focus-visible:outline-none focus-visible:ring-2 focus-visible:ring-ring focus-visible:ring-offset-2 disabled:pointer-events-none disabled:opacity-50 data-[state=active]:bg-background data-[state=active]:text-foreground data-[state=active]:shadow-sm flex-1 rounded-none data-[state=active]:border-b-2 data-[state=active]:border-primary"
              data-orientation="horizontal"
              data-radix-collection-item=""
              data-state="inactive"
              data-testid="tab-thunting"
              id="radix-:rg:-trigger-thunting"
              role="tab"
              tabindex="-1"
              type="button"
            >
              T-Hunting
            </button>
          </div>
        </div>
        <div
          aria-labelledby="radix-:rg:-trigger-all"
          class="ring-offset-background focus-visible:outline-none focus-visible:ring-2 focus-visible:ring-ring focus-visible:ring-offset-2 px-4 py-4 mt-0"
          data-orientation="horizontal"
          data-state="active"
          id="radix-:rg:-content-all"
          role="tabpanel"
          style="animation-duration: 0s;"
          tabindex="0"
        >
          <div
            class="text-center py-8"
          >
            <p
              class="text-muted-foreground"
            >
              No prizes announced yet
            </p>
          </div>
        </div>
        <div
          aria-labelledby="radix-:rg:-trigger-door"
          class="ring-offset-background focus-visible:outline-none focus-visible:ring-2 focus-visible:ring-ring focus-visible:ring-offset-2 px-4 py-4 mt-0"
          data-orientation="horizontal"
          data-state="inactive"
          hidden=""
          id="radix-:rg:-content-door"
          role="tabpanel"
          tabindex="0"
        />
        <div
          aria-labelledby="radix-:rg:-trigger-thunting"
          class="ring-offset-background focus-visible:outline-none focus-visible:ring-2 focus-visible:ring-ring focus-visible:ring-offset-2 px-4 py-4 mt-0"
          data-orientation="horizontal"
          data-state="inactive"
          hidden=""
          id="radix-:rg:-content-thunting"
          role="tabpanel"
          tabindex="0"
        />
      </div>
    </main>
  </div>
</DocumentFragment>
`;
